<?xml version="1.0" encoding="UTF-8"?>
<testsuites name="jest tests" tests="66" failures="0" time="45.609">
  <testsuite name="Behavior settings page" errors="0" failures="0" skipped="0" timestamp="2021-10-02T13:10:52" time="24.216" tests="6">
    <testcase classname="Behavior settings page should be correct behavior title" name="Behavior settings page should be correct behavior title" time="0.714">
    </testcase>
    <testcase classname="Behavior settings page should be presented deleted records support" name="Behavior settings page should be presented deleted records support" time="0.16">
    </testcase>
    <testcase classname="Behavior settings page should be presented suppressed records processing" name="Behavior settings page should be presented suppressed records processing" time="0.106">
    </testcase>
    <testcase classname="Behavior settings page should be presented errors processing" name="Behavior settings page should be presented errors processing" time="0.104">
    </testcase>
    <testcase classname="Behavior settings page should be absent oai notification" name="Behavior settings page should be absent oai notification" time="0.072">
    </testcase>
    <testcase classname="Behavior settings page should be enable button save" name="Behavior settings page should be enable button save" time="0.178">
    </testcase>
  </testsuite>
  <testsuite name="General settings page" errors="0" failures="0" skipped="0" timestamp="2021-10-02T13:10:52" time="26.437" tests="9">
    <testcase classname="General settings page should be correct behavior title" name="General settings page should be correct behavior title" time="0.791">
    </testcase>
    <testcase classname="General settings page should be enable general button save" name="General settings page should be enable general button save" time="0.361">
    </testcase>
    <testcase classname="General settings page should be presented enable oai service" name="General settings page should be presented enable oai service" time="0.111">
    </testcase>
    <testcase classname="General settings page should be presented repository name" name="General settings page should be presented repository name" time="0.103">
    </testcase>
    <testcase classname="General settings page should be presented base url" name="General settings page should be presented base url" time="0.106">
    </testcase>
    <testcase classname="General settings page should be presented time granularity" name="General settings page should be presented time granularity" time="0.121">
    </testcase>
    <testcase classname="General settings page should be presented administrator email" name="General settings page should be presented administrator email" time="0.106">
    </testcase>
    <testcase classname="General settings page should be absent oai notification" name="General settings page should be absent oai notification" time="0.09">
    </testcase>
    <testcase classname="General settings page should show validate message" name="General settings page should show validate message" time="1.364">
    </testcase>
  </testsuite>
  <testsuite name="OaiPhmSettings" errors="0" failures="0" skipped="0" timestamp="2021-10-02T13:10:52" time="29.196" tests="2">
    <testcase classname="OaiPhmSettings shoud show correct panel titles" name="OaiPhmSettings shoud show correct panel titles" time="0.287">
    </testcase>
    <testcase classname="OaiPhmSettings shoud show correct routes" name="OaiPhmSettings shoud show correct routes" time="0.07">
    </testcase>
  </testsuite>
  <testsuite name="Tests for Sets Router" errors="0" failures="0" skipped="0" timestamp="2021-10-02T13:10:52" time="29.28" tests="1">
    <testcase classname="Tests for Sets Router Should render page header and HomePage on default route" name="Tests for Sets Router Should render page header and HomePage on default route" time="0.345">
    </testcase>
  </testsuite>
  <testsuite name="OaiPhmSettings" errors="0" failures="0" skipped="0" timestamp="2021-10-02T13:10:52" time="29.365" tests="2">
    <testcase classname="OaiPhmSettings shoud show correct panel titles" name="OaiPhmSettings shoud show correct panel titles" time="0.273">
    </testcase>
    <testcase classname="OaiPhmSettings shoud show correct routes" name="OaiPhmSettings shoud show correct routes" time="0.08">
    </testcase>
  </testsuite>
  <testsuite name="Sets list" errors="0" failures="0" skipped="0" timestamp="2021-10-02T13:10:52" time="32.746" tests="11">
    <testcase classname="Sets list should be correct pane header title" name="Sets list should be correct pane header title" time="1.086">
    </testcase>
    <testcase classname="Sets list should display close pane button" name="Sets list should display close pane button" time="0.423">
    </testcase>
    <testcase classname="Sets list should display expend button" name="Sets list should display expend button" time="0.579">
    </testcase>
    <testcase classname="Sets list should be enabled actions button" name="Sets list should be enabled actions button" time="0.114">
    </testcase>
    <testcase classname="Sets list should be called onEdit on click edit button " name="Sets list should be called onEdit on click edit button " time="0.37">
    </testcase>
    <testcase classname="Sets list should be called onDelete on click delete button " name="Sets list should be called onDelete on click delete button " time="0.353">
    </testcase>
    <testcase classname="Sets list should be called onDuplicate on click duplicate button " name="Sets list should be called onDuplicate on click duplicate button " time="0.318">
    </testcase>
    <testcase classname="Sets list should show right labels for filtering conditions" name="Sets list should show right labels for filtering conditions" time="0.233">
    </testcase>
    <testcase classname="Sets list should be correct text in Content fields" name="Sets list should be correct text in Content fields" time="0.177">
    </testcase>
    <testcase classname="Sets list should be correct text in Content fields" name="Sets list should be correct text in Content fields" time="0.155">
    </testcase>
    <testcase classname="Sets list should have empty fields" name="Sets list should have empty fields" time="0.15">
    </testcase>
  </testsuite>
  <testsuite name="Sets form" errors="0" failures="0" skipped="0" timestamp="2021-10-02T13:10:52" time="33.695" tests="8">
    <testcase classname="Sets form should be correct title" name="Sets form should be correct title" time="0.99">
    </testcase>
    <testcase classname="Sets form should be correct label text for specification" name="Sets form should be correct label text for specification" time="0.28">
    </testcase>
    <testcase classname="Sets form should be correct label text for edit field" name="Sets form should be correct label text for edit field" time="0.244">
    </testcase>
    <testcase classname="Sets form should be correct label text for description field" name="Sets form should be correct label text for description field" time="0.25">
    </testcase>
    <testcase classname="Sets form should show filter conditions" name="Sets form should show filter conditions" time="0.399">
    </testcase>
    <testcase classname="Sets form should click on cancel button" name="Sets form should click on cancel button" time="0.965">
    </testcase>
    <testcase classname="Sets form should show new name in Name input" name="Sets form should show new name in Name input" time="1.038">
    </testcase>
    <testcase classname="Sets form should show new name in Description field" name="Sets form should show new name in Description field" time="0.996">
    </testcase>
  </testsuite>
  <testsuite name="Technical" errors="0" failures="0" skipped="0" timestamp="2021-10-02T13:11:22" time="4.674" tests="1">
    <testcase classname="Technical should render Technical" name="Technical should render Technical" time="0.341">
    </testcase>
  </testsuite>
  <testsuite name="Sets list" errors="0" failures="0" skipped="0" timestamp="2021-10-02T13:11:22" time="4.583" tests="4">
    <testcase classname="Sets list should show epmty list" name="Sets list should show epmty list" time="0.147">
    </testcase>
    <testcase classname="Sets list should be correct pane header title" name="Sets list should be correct pane header title" time="0.092">
    </testcase>
    <testcase classname="Sets list should be correct label text for tabel" name="Sets list should be correct label text for tabel" time="0.278">
    </testcase>
    <testcase classname="Sets list should be correct text in Content fields" name="Sets list should be correct text in Content fields" time="0.221">
    </testcase>
  </testsuite>
  <testsuite name="SetsListRoute component" errors="0" failures="0" skipped="0" timestamp="2021-10-02T13:11:17" time="9.832" tests="1">
    <testcase classname="SetsListRoute component should show SetsList" name="SetsListRoute component should show SetsList" time="0.118">
    </testcase>
  </testsuite>
  <testsuite name="useLocalcationReset" errors="0" failures="0" skipped="0" timestamp="2021-10-02T13:11:26" time="1.253" tests="1">
    <testcase classname="useLocalcationReset shoud call reset function" name="useLocalcationReset shoud call reset function" time="0.003">
    </testcase>
  </testsuite>
  <testsuite name="route" errors="0" failures="0" skipped="0" timestamp="2021-10-02T13:11:27" time="1.143" tests="5">
    <testcase classname="route shoud return ulr of setsList" name="route shoud return ulr of setsList" time="0.002">
    </testcase>
    <testcase classname="route shoud return ulr of setsView" name="route shoud return ulr of setsView" time="0.001">
    </testcase>
    <testcase classname="route shoud return ulr of setsCreate" name="route shoud return ulr of setsCreate" time="0.001">
    </testcase>
    <testcase classname="route shoud return ulr of setsEdit" name="route shoud return ulr of setsEdit" time="0.001">
    </testcase>
    <testcase classname="route shoud return ulr of setsDuplicate" name="route shoud return ulr of setsDuplicate" time="0.001">
    </testcase>
  </testsuite>
  <testsuite name="Behavior" errors="0" failures="0" skipped="0" timestamp="2021-10-02T13:11:19" time="8.949" tests="1">
    <testcase classname="Behavior should render Behavior" name="Behavior should render Behavior" time="0.093">
    </testcase>
  </testsuite>
  <testsuite name="Technical settings page" errors="0" failures="0" skipped="0" timestamp="2021-10-02T13:11:21" time="6.904" tests="5">
    <testcase classname="Technical settings page should be correct behavior title" name="Technical settings page should be correct behavior title" time="0.75">
    </testcase>
    <testcase classname="Technical settings page should be presented right techincal labels" name="Technical settings page should be presented right techincal labels" time="0.319">
    </testcase>
    <testcase classname="Technical settings page should be presented right techincal tooltips" name="Technical settings page should be presented right techincal tooltips" time="0.18">
    </testcase>
    <testcase classname="Technical settings page should be enabled button save after checking the formatted output" name="Technical settings page should be enabled button save after checking the formatted output" time="0.735">
    </testcase>
    <testcase classname="Technical settings page should be enabled button save after setting max record" name="Technical settings page should be enabled button save after setting max record" time="0.62">
    </testcase>
  </testsuite>
  <testsuite name="useShowCallout" errors="0" failures="0" skipped="0" timestamp="2021-10-02T13:11:25" time="3.876" tests="5">
    <testcase classname="useShowCallout should not send message when returned function is called and callout if not defined in context" name="useShowCallout should not send message when returned function is called and callout if not defined in context" time="0.015">
    </testcase>
    <testcase classname="useShowCallout should send message when returned function is called and callout is in context" name="useShowCallout should send message when returned function is called and callout is in context" time="0.005">
    </testcase>
    <testcase classname="useShowCallout should not translate message when send is called with message field" name="useShowCallout should not translate message when send is called with message field" time="0.006">
    </testcase>
    <testcase classname="useShowCallout should use success type by default when send is called" name="useShowCallout should use success type by default when send is called" time="0.005">
    </testcase>
    <testcase classname="useShowCallout should called with error type" name="useShowCallout should called with error type" time="0.004">
    </testcase>
  </testsuite>
  <testsuite name="Sets empty" errors="0" failures="0" skipped="0" timestamp="2021-10-02T13:11:26" time="3.078" tests="3">
    <testcase classname="Sets empty should be correct title" name="Sets empty should be correct title" time="0.164">
    </testcase>
    <testcase classname="Sets empty should be correct error description" name="Sets empty should be correct error description" time="0.034">
    </testcase>
    <testcase classname="Sets empty should be call onBack function" name="Sets empty should be call onBack function" time="0.127">
    </testcase>
  </testsuite>
  <testsuite name="General" errors="0" failures="0" skipped="0" timestamp="2021-10-02T13:11:26" time="3.701" tests="1">
    <testcase classname="General should render General" name="General should render General" time="0.105">
    </testcase>
  </testsuite>
</testsuites>